// Jest Snapshot v1, https://goo.gl/fbAQLP

exports[`EmailConfirmationAlert renders correctly 1`] = `
.c0 {
  z-index: 51 !important;
}

<div
  className="fixed left-0 bottom-0 right-0 c0"
>
  <div
    className="w-full min-h-4 flex justify-center items-center py-2 px-4 bg-orange-400 bg-orange-400"
  >
    <div>
      <b
        className="mr-1"
      >
        Seu email ainda não foi confirmado.
      </b>
       Perdeu o email de confirmação?
       
      <button
        className="inline-block mx-1 underline"
        onClick={[Function]}
        role="send-confirmation-email"
      >
        Clique aqui
      </button>
       
      para gerar um novo
    </div>
    <button
      className="absolute right-0 mr-2 cursor-pointer"
      onClick={[Function]}
      role="close"
    >
      <span
        className="icon im"
      >
        close
      </span>
    </button>
  </div>
</div>
`;
